******************************************************************************
                  TI ARM Linker PC v16.9.1                     
******************************************************************************
>> Linked Sat Jun 02 13:53:27 2018

OUTPUT FILE NAME:   <Do_an_Tiva_Dht11_Hc05_Interrupt.out>
ENTRY POINT SYMBOL: "_c_int00"  address: 00000ce5


MEMORY CONFIGURATION

         name            origin    length      used     unused   attr    fill
----------------------  --------  ---------  --------  --------  ----  --------
  FLASH                 00000000   00040000  0000119c  0003ee64  R  X
  SRAM                  20000000   00008000  0000024c  00007db4  RW X


SEGMENT ALLOCATION MAP

run origin  load origin   length   init length attrs members
----------  ----------- ---------- ----------- ----- -------
00000000    00000000    000011a0   000011a0    r-x
  00000000    00000000    0000026c   0000026c    r-- .intvecs
  0000026c    0000026c    00000d8c   00000d8c    r-x .text
  00000ff8    00000ff8    0000016c   0000016c    r-- .const
  00001168    00001168    00000038   00000038    r-- .cinit
20000000    20000000    0000024c   00000000    rw-
  20000000    20000000    00000200   00000000    rw- .stack
  20000200    20000200    00000034   00000000    rw- .bss
  20000234    20000234    00000018   00000000    rw- .data


SECTION ALLOCATION MAP

 output                                  attributes/
section   page    origin      length       input sections
--------  ----  ----------  ----------   ----------------
.intvecs   0    00000000    0000026c     
                  00000000    0000026c     tm4c123gh6pm_startup_ccs.obj (.intvecs)

.text      0    0000026c    00000d8c     
                  0000026c    000004e8     main.obj (.text)
                  00000754    00000132     driverlib.lib : gpio.obj (.text:GPIOPadConfigSet)
                  00000886    00000002     rtsv7M4_T_le_v4SPD16_eabi.lib : mpu_init.obj (.text)
                  00000888    00000110     driverlib.lib : sysctl.obj (.text:SysCtlClockGet)
                  00000998    000000f4                   : sysctl.obj (.text:SysCtlClockSet)
                  00000a8c    0000009c     rtsv7M4_T_le_v4SPD16_eabi.lib : memcpy_t2.obj (.text)
                  00000b28    0000007a                                   : memset_t2.obj (.text)
                  00000ba2    00000002                                   : startup.obj (.text)
                  00000ba4    00000070                                   : autoinit.obj (.text)
                  00000c14    00000068     driverlib.lib : interrupt.obj (.text:IntEnable)
                  00000c7c    00000068     rtsv7M4_T_le_v4SPD16_eabi.lib : copy_decompress_lzss.obj (.text:decompress:lzss)
                  00000ce4    00000054                                   : boot.obj (.text)
                  00000d38    00000054                                   : exit.obj (.text)
                  00000d8c    0000004c                                   : cpy_tbl.obj (.text)
                  00000dd8    00000048     driverlib.lib : gpio.obj (.text:GPIOPinConfigure)
                  00000e20    00000046                   : uart.obj (.text:UARTConfigSetExpClk)
                  00000e66    00000002     --HOLE-- [fill = 0]
                  00000e68    00000034                   : sysctl.obj (.text:SysCtlPeripheralEnable)
                  00000e9c    0000002a                   : gpio.obj (.text:GPIODirModeSet)
                  00000ec6    00000002     --HOLE-- [fill = 0]
                  00000ec8    00000020                   : uart.obj (.text:UARTDisable)
                  00000ee8    00000018                   : gpio.obj (.text:GPIOPinTypeGPIOOutput)
                  00000f00    00000018     rtsv7M4_T_le_v4SPD16_eabi.lib : args_main.obj (.text)
                  00000f18    00000014     driverlib.lib : uart.obj (.text:UARTEnable)
                  00000f2c    00000014     rtsv7M4_T_le_v4SPD16_eabi.lib : _lock.obj (.text)
                  00000f40    00000012     driverlib.lib : gpio.obj (.text:GPIOPinTypeGPIOInput)
                  00000f52    00000012                   : gpio.obj (.text:GPIOPinTypeUART)
                  00000f64    00000010                   : interrupt.obj (.text:IntMasterEnable)
                  00000f74    0000000e                   : uart.obj (.text:UARTCharGetNonBlocking)
                  00000f82    0000000e                   : uart.obj (.text:UARTCharsAvail)
                  00000f90    0000000e     rtsv7M4_T_le_v4SPD16_eabi.lib : copy_decompress_none.obj (.text:decompress:none)
                  00000f9e    0000000c     driverlib.lib : cpu.obj (.text:CPUcpsie)
                  00000faa    0000000c     rtsv7M4_T_le_v4SPD16_eabi.lib : copy_zero_init.obj (.text:decompress:ZI)
                  00000fb6    0000000c     tm4c123gh6pm_startup_ccs.obj (.text)
                  00000fc2    0000000a     driverlib.lib : uart.obj (.text:UARTCharPut)
                  00000fcc    0000000a                   : uart.obj (.text:UARTIntStatus)
                  00000fd6    00000008                   : uart.obj (.text:UARTIntEnable)
                  00000fde    00000006                   : gpio.obj (.text:GPIOPinRead)
                  00000fe4    00000006                   : gpio.obj (.text:GPIOPinWrite)
                  00000fea    00000006                   : sysctl.obj (.text:SysCtlDelay)
                  00000ff0    00000004                   : uart.obj (.text:UARTIntClear)
                  00000ff4    00000004     rtsv7M4_T_le_v4SPD16_eabi.lib : pre_init.obj (.text)

.const     0    00000ff8    0000016c     
                  00000ff8    00000090     driverlib.lib : gpio.obj (.const:g_pui32GPIOBaseAddrs)
                  00001088    00000070                   : interrupt.obj (.const)
                  000010f8    0000006c                   : sysctl.obj (.const:g_pui32Xtals)

.cinit     0    00001168    00000038     
                  00001168    00000011     (.cinit..data.load) [load image, compression = lzss]
                  00001179    00000003     --HOLE-- [fill = 0]
                  0000117c    0000000c     (__TI_handler_table)
                  00001188    00000008     (.cinit..bss.load) [load image, compression = zero_init]
                  00001190    00000010     (__TI_cinit_table)

.init_array 
*          0    00000000    00000000     UNINITIALIZED

.stack     0    20000000    00000200     UNINITIALIZED
                  20000000    00000200     --HOLE--

.bss       0    20000200    00000034     UNINITIALIZED
                  20000200    0000002c     (.common:bit)
                  2000022c    00000001     (.common:Humid)
                  2000022d    00000001     (.common:Temp)
                  2000022e    00000001     (.common:dht1x_checksum)
                  2000022f    00000001     (.common:dht1x_rh)
                  20000230    00000001     (.common:dht1x_rh_dec)
                  20000231    00000001     (.common:dht1x_temp)
                  20000232    00000001     (.common:dht1x_temp_dec)
                  20000233    00000001     (.common:state)

.data      0    20000234    00000018     UNINITIALIZED
                  20000234    0000000c     rtsv7M4_T_le_v4SPD16_eabi.lib : exit.obj (.data:$O1$$)
                  20000240    00000008                                   : _lock.obj (.data:$O1$$)
                  20000248    00000004                                   : stkdepth_vars.obj (.data)

MODULE SUMMARY

       Module                         code   ro data   rw data
       ------                         ----   -------   -------
    .\
       main.obj                       1256   0         52     
       tm4c123gh6pm_startup_ccs.obj   12     620       0      
    +--+------------------------------+------+---------+---------+
       Total:                         1268   620       52     
                                                              
    C:/ti/TivaWare_C_Series-2.1.4.178/driverlib/ccs/Debug/driverlib.lib
       sysctl.obj                     574    108       0      
       gpio.obj                       492    144       0      
       interrupt.obj                  120    112       0      
       uart.obj                       182    0         0      
       cpu.obj                        12     0         0      
    +--+------------------------------+------+---------+---------+
       Total:                         1380   364       0      
                                                              
    C:\ti\ccsv7\tools\compiler\ti-cgt-arm_16.9.1.LTS\lib\rtsv7M4_T_le_v4SPD16_eabi.lib
       memcpy_t2.obj                  156    0         0      
       memset_t2.obj                  122    0         0      
       autoinit.obj                   112    0         0      
       copy_decompress_lzss.obj       104    0         0      
       exit.obj                       84     0         12     
       boot.obj                       84     0         0      
       cpy_tbl.obj                    76     0         0      
       _lock.obj                      20     0         8      
       args_main.obj                  24     0         0      
       copy_decompress_none.obj       14     0         0      
       copy_zero_init.obj             12     0         0      
       pre_init.obj                   4      0         0      
       stkdepth_vars.obj              0      0         4      
       mpu_init.obj                   2      0         0      
       startup.obj                    2      0         0      
    +--+------------------------------+------+---------+---------+
       Total:                         816    0         24     
                                                              
       Stack:                         0      0         512    
       Linker Generated:              0      53        0      
    +--+------------------------------+------+---------+---------+
       Grand Total:                   3464   1037      588    


LINKER GENERATED COPY TABLES

__TI_cinit_table @ 00001190 records: 2, size/record: 8, table size: 16
	.data: load addr=00001168, load size=00000011 bytes, run addr=20000234, run size=00000018 bytes, compression=lzss
	.bss: load addr=00001188, load size=00000008 bytes, run addr=20000200, run size=00000034 bytes, compression=zero_init


LINKER GENERATED HANDLER TABLE

__TI_handler_table @ 0000117c records: 3, size/record: 4, table size: 12
	index: 0, handler: __TI_decompress_lzss
	index: 1, handler: __TI_decompress_none
	index: 2, handler: __TI_zero_init


GLOBAL SYMBOLS: SORTED ALPHABETICALLY BY Name 

address   name                           
-------   ----                           
00000d39  C$$EXIT                        
00000f9f  CPUcpsie                       
0000044b  Checkbit                       
0000026d  Config_UART1                   
00000369  DHT_Request                    
000003fb  DHT_Response                   
000004a5  DHT_Solution                   
00000e9d  GPIODirModeSet                 
00000755  GPIOPadConfigSet               
00000dd9  GPIOPinConfigure               
00000fdf  GPIOPinRead                    
00000f41  GPIOPinTypeGPIOInput           
00000ee9  GPIOPinTypeGPIOOutput          
00000f53  GPIOPinTypeUART                
00000fe5  GPIOPinWrite                   
2000022c  Humid                          
00000c15  IntEnable                      
00000f65  IntMasterEnable                
00000fb7  ResetISR                       
UNDEFED   SHT$$INIT_ARRAY$$Base          
UNDEFED   SHT$$INIT_ARRAY$$Limit         
00000611  Send_Temp_Humid_UART1          
00000889  SysCtlClockGet                 
00000999  SysCtlClockSet                 
00000feb  SysCtlDelay                    
00000e69  SysCtlPeripheralEnable         
2000022d  Temp                           
000002a5  UART1IntHandler                
00000f75  UARTCharGetNonBlocking         
00000fc3  UARTCharPut                    
00000f83  UARTCharsAvail                 
00000e21  UARTConfigSetExpClk            
00000ec9  UARTDisable                    
00000f19  UARTEnable                     
00000ff1  UARTIntClear                   
00000fd7  UARTIntEnable                  
00000fcd  UARTIntStatus                  
0000033f  UARTStringPut                  
20000200  __STACK_END                    
00000200  __STACK_SIZE                   
20000200  __STACK_TOP                    
00001190  __TI_CINIT_Base                
000011a0  __TI_CINIT_Limit               
0000117c  __TI_Handler_Table_Base        
00001188  __TI_Handler_Table_Limit       
00000ba5  __TI_auto_init                 
20000234  __TI_cleanup_ptr               
00000c7d  __TI_decompress_lzss           
00000f91  __TI_decompress_none           
20000238  __TI_dtors_ptr                 
2000023c  __TI_enable_exit_profile_output
ffffffff  __TI_pprof_out_hndl            
ffffffff  __TI_prof_data_size            
ffffffff  __TI_prof_data_start           
00000000  __TI_static_base__             
00000fab  __TI_zero_init                 
00000b29  __aeabi_memclr                 
00000b29  __aeabi_memclr4                
00000b29  __aeabi_memclr8                
00000a8d  __aeabi_memcpy                 
00000a8d  __aeabi_memcpy4                
00000a8d  __aeabi_memcpy8                
00000b2b  __aeabi_memset                 
00000b2b  __aeabi_memset4                
00000b2b  __aeabi_memset8                
ffffffff  __binit__                      
ffffffff  __c_args__                     
00000887  __mpu_init                     
20000000  __stack                        
00000f01  _args_main                     
00000ce5  _c_int00                       
20000240  _lock                          
00000f3b  _nop                           
00000f33  _register_lock                 
00000f2d  _register_unlock               
00000ba3  _system_post_cinit             
00000ff5  _system_pre_init               
20000244  _unlock                        
00000d3d  abort                          
ffffffff  binit                          
20000200  bit                            
00000d8d  copy_in                        
2000022e  dht1x_checksum                 
2000022f  dht1x_rh                       
20000230  dht1x_rh_dec                   
20000231  dht1x_temp                     
20000232  dht1x_temp_dec                 
00000d45  exit                           
00000000  g_pfnVectors                   
000006a1  main                           
20000248  main_func_sp                   
00000a8d  memcpy                         
00000b31  memset                         
20000233  state                          


GLOBAL SYMBOLS: SORTED BY Symbol Address 

address   name                           
-------   ----                           
00000000  __TI_static_base__             
00000000  g_pfnVectors                   
00000200  __STACK_SIZE                   
0000026d  Config_UART1                   
000002a5  UART1IntHandler                
0000033f  UARTStringPut                  
00000369  DHT_Request                    
000003fb  DHT_Response                   
0000044b  Checkbit                       
000004a5  DHT_Solution                   
00000611  Send_Temp_Humid_UART1          
000006a1  main                           
00000755  GPIOPadConfigSet               
00000887  __mpu_init                     
00000889  SysCtlClockGet                 
00000999  SysCtlClockSet                 
00000a8d  __aeabi_memcpy                 
00000a8d  __aeabi_memcpy4                
00000a8d  __aeabi_memcpy8                
00000a8d  memcpy                         
00000b29  __aeabi_memclr                 
00000b29  __aeabi_memclr4                
00000b29  __aeabi_memclr8                
00000b2b  __aeabi_memset                 
00000b2b  __aeabi_memset4                
00000b2b  __aeabi_memset8                
00000b31  memset                         
00000ba3  _system_post_cinit             
00000ba5  __TI_auto_init                 
00000c15  IntEnable                      
00000c7d  __TI_decompress_lzss           
00000ce5  _c_int00                       
00000d39  C$$EXIT                        
00000d3d  abort                          
00000d45  exit                           
00000d8d  copy_in                        
00000dd9  GPIOPinConfigure               
00000e21  UARTConfigSetExpClk            
00000e69  SysCtlPeripheralEnable         
00000e9d  GPIODirModeSet                 
00000ec9  UARTDisable                    
00000ee9  GPIOPinTypeGPIOOutput          
00000f01  _args_main                     
00000f19  UARTEnable                     
00000f2d  _register_unlock               
00000f33  _register_lock                 
00000f3b  _nop                           
00000f41  GPIOPinTypeGPIOInput           
00000f53  GPIOPinTypeUART                
00000f65  IntMasterEnable                
00000f75  UARTCharGetNonBlocking         
00000f83  UARTCharsAvail                 
00000f91  __TI_decompress_none           
00000f9f  CPUcpsie                       
00000fab  __TI_zero_init                 
00000fb7  ResetISR                       
00000fc3  UARTCharPut                    
00000fcd  UARTIntStatus                  
00000fd7  UARTIntEnable                  
00000fdf  GPIOPinRead                    
00000fe5  GPIOPinWrite                   
00000feb  SysCtlDelay                    
00000ff1  UARTIntClear                   
00000ff5  _system_pre_init               
0000117c  __TI_Handler_Table_Base        
00001188  __TI_Handler_Table_Limit       
00001190  __TI_CINIT_Base                
000011a0  __TI_CINIT_Limit               
20000000  __stack                        
20000200  __STACK_END                    
20000200  __STACK_TOP                    
20000200  bit                            
2000022c  Humid                          
2000022d  Temp                           
2000022e  dht1x_checksum                 
2000022f  dht1x_rh                       
20000230  dht1x_rh_dec                   
20000231  dht1x_temp                     
20000232  dht1x_temp_dec                 
20000233  state                          
20000234  __TI_cleanup_ptr               
20000238  __TI_dtors_ptr                 
2000023c  __TI_enable_exit_profile_output
20000240  _lock                          
20000244  _unlock                        
20000248  main_func_sp                   
ffffffff  __TI_pprof_out_hndl            
ffffffff  __TI_prof_data_size            
ffffffff  __TI_prof_data_start           
ffffffff  __binit__                      
ffffffff  __c_args__                     
ffffffff  binit                          
UNDEFED   SHT$$INIT_ARRAY$$Base          
UNDEFED   SHT$$INIT_ARRAY$$Limit         

[94 symbols]
