Archive member included because of file (symbol)

E:\Do_an\MC60_document\MC60_OpenCPU_GS3_SDK_V1.4_Eclipse\MC60_OpenCPU_GS3_SDK_V1.4_Eclipse\libs\gcc\libapp_start.a(fileSys.o)
                              ./custom/fota/src/fota_ftp.o (Ql_FS_Open)
E:\Do_an\MC60_document\MC60_OpenCPU_GS3_SDK_V1.4_Eclipse\MC60_OpenCPU_GS3_SDK_V1.4_Eclipse\libs\gcc\libapp_start.a(fota.o)
                              ./custom/fota/src/fota_main.o (Ql_FOTA_Init)
E:\Do_an\MC60_document\MC60_OpenCPU_GS3_SDK_V1.4_Eclipse\MC60_OpenCPU_GS3_SDK_V1.4_Eclipse\libs\gcc\libapp_start.a(gprs.o)
                              ./example/main_tracking.o (Ql_GPRS_GetPDPContextId)
E:\Do_an\MC60_document\MC60_OpenCPU_GS3_SDK_V1.4_Eclipse\MC60_OpenCPU_GS3_SDK_V1.4_Eclipse\libs\gcc\libapp_start.a(iic.o)
                              ./example/nema_pro.o (Ql_IIC_Write)
E:\Do_an\MC60_document\MC60_OpenCPU_GS3_SDK_V1.4_Eclipse\MC60_OpenCPU_GS3_SDK_V1.4_Eclipse\libs\gcc\libapp_start.a(lib_ril_sms.o)
                              ./ril/src/ril_sms.o (LIB_SMS_IsValidHexStr)
E:\Do_an\MC60_document\MC60_OpenCPU_GS3_SDK_V1.4_Eclipse\MC60_OpenCPU_GS3_SDK_V1.4_Eclipse\libs\gcc\libapp_start.a(memory.o)
                              ./ril/src/ril_bluetooth.o (Ql_MEM_Alloc)
E:\Do_an\MC60_document\MC60_OpenCPU_GS3_SDK_V1.4_Eclipse\MC60_OpenCPU_GS3_SDK_V1.4_Eclipse\libs\gcc\libapp_start.a(ql_func.o)
                              E:\Do_an\MC60_document\MC60_OpenCPU_GS3_SDK_V1.4_Eclipse\MC60_OpenCPU_GS3_SDK_V1.4_Eclipse\libs\gcc\libapp_start.a(memory.o) (api_notsup)
E:\Do_an\MC60_document\MC60_OpenCPU_GS3_SDK_V1.4_Eclipse\MC60_OpenCPU_GS3_SDK_V1.4_Eclipse\libs\gcc\libapp_start.a(ql_main.o)
                              ./ril/src/ril_bluetooth.o (Ql_Debug_Trace)
E:\Do_an\MC60_document\MC60_OpenCPU_GS3_SDK_V1.4_Eclipse\MC60_OpenCPU_GS3_SDK_V1.4_Eclipse\libs\gcc\libapp_start.a(ril_aux.o)
                              ./custom/config/sys_config.o (proc_reserved2)
E:\Do_an\MC60_document\MC60_OpenCPU_GS3_SDK_V1.4_Eclipse\MC60_OpenCPU_GS3_SDK_V1.4_Eclipse\libs\gcc\libapp_start.a(ril_main.o)
                              ./custom/config/sys_config.o (proc_reserved1)
E:\Do_an\MC60_document\MC60_OpenCPU_GS3_SDK_V1.4_Eclipse\MC60_OpenCPU_GS3_SDK_V1.4_Eclipse\libs\gcc\libapp_start.a(stdlib_func.o)
                              ./ril/src/Ril_dtmf.o (Ql_atof)
E:\Do_an\MC60_document\MC60_OpenCPU_GS3_SDK_V1.4_Eclipse\MC60_OpenCPU_GS3_SDK_V1.4_Eclipse\libs\gcc\libapp_start.a(system.o)
                              ./ril/src/ril_ftp.o (Ql_Sleep)
E:\Do_an\MC60_document\MC60_OpenCPU_GS3_SDK_V1.4_Eclipse\MC60_OpenCPU_GS3_SDK_V1.4_Eclipse\libs\gcc\libapp_start.a(taskMngt.o)
                              ./example/main_tracking.o (Ql_OS_GetMessage)
E:\Do_an\MC60_document\MC60_OpenCPU_GS3_SDK_V1.4_Eclipse\MC60_OpenCPU_GS3_SDK_V1.4_Eclipse\libs\gcc\libapp_start.a(time.o)
                              ./example/main_tracking.o (Ql_GetLocalTime)
E:\Do_an\MC60_document\MC60_OpenCPU_GS3_SDK_V1.4_Eclipse\MC60_OpenCPU_GS3_SDK_V1.4_Eclipse\libs\gcc\libapp_start.a(timer.o)
                              E:\Do_an\MC60_document\MC60_OpenCPU_GS3_SDK_V1.4_Eclipse\MC60_OpenCPU_GS3_SDK_V1.4_Eclipse\libs\gcc\libapp_start.a(ril_main.o) (Ql_Timer_Register)
E:\Do_an\MC60_document\MC60_OpenCPU_GS3_SDK_V1.4_Eclipse\MC60_OpenCPU_GS3_SDK_V1.4_Eclipse\libs\gcc\libapp_start.a(uart.o)
                              ./example/main_tracking.o (Ql_UART_Register)
E:\Do_an\MC60_document\MC60_OpenCPU_GS3_SDK_V1.4_Eclipse\MC60_OpenCPU_GS3_SDK_V1.4_Eclipse\libs\gcc\libapp_start.a(ocpu_init.o)
                              E:\Do_an\MC60_document\MC60_OpenCPU_GS3_SDK_V1.4_Eclipse\MC60_OpenCPU_GS3_SDK_V1.4_Eclipse\libs\gcc\libapp_start.a(ql_main.o) (_OCPU_InitUserMem)
C:\Program Files (x86)\CodeSourcery\Sourcery_CodeBench_Lite_for_ARM_EABI\arm-none-eabi\lib\thumb\libc.a(lib_a-memcpy.o)
                              E:\Do_an\MC60_document\MC60_OpenCPU_GS3_SDK_V1.4_Eclipse\MC60_OpenCPU_GS3_SDK_V1.4_Eclipse\libs\gcc\libapp_start.a(stdlib_func.o) (memcpy)
C:\Program Files (x86)\CodeSourcery\Sourcery_CodeBench_Lite_for_ARM_EABI\arm-none-eabi\lib\thumb\libc.a(lib_a-memset.o)
                              ./ril/src/ril_alarm.o (memset)
C:\Program Files (x86)\CodeSourcery\Sourcery_CodeBench_Lite_for_ARM_EABI\lib\gcc\arm-none-eabi\4.7.2\thumb\libgcc.a(_udivsi3.o)
                              E:\Do_an\MC60_document\MC60_OpenCPU_GS3_SDK_V1.4_Eclipse\MC60_OpenCPU_GS3_SDK_V1.4_Eclipse\libs\gcc\libapp_start.a(lib_ril_sms.o) (__aeabi_uidiv)
C:\Program Files (x86)\CodeSourcery\Sourcery_CodeBench_Lite_for_ARM_EABI\lib\gcc\arm-none-eabi\4.7.2\thumb\libgcc.a(_divsi3.o)
                              E:\Do_an\MC60_document\MC60_OpenCPU_GS3_SDK_V1.4_Eclipse\MC60_OpenCPU_GS3_SDK_V1.4_Eclipse\libs\gcc\libapp_start.a(lib_ril_sms.o) (__aeabi_idiv)
C:\Program Files (x86)\CodeSourcery\Sourcery_CodeBench_Lite_for_ARM_EABI\lib\gcc\arm-none-eabi\4.7.2\thumb\libgcc.a(_dvmd_tls.o)
[...]
Memory Configuration

Name             Origin             Length             Attributes
ROM              0x102db040         0x00050000         xr
RAM              0xf03d2000         0x00019000         xrw
*default*        0x00000000         0xffffffff

Linker script and memory map

LOAD ./ril/src/Ril_dtmf.o
LOAD ./ril/src/ril_alarm.o
LOAD ./ril/src/ril_atResponse.o
LOAD ./ril/src/ril_audio.o
LOAD ./ril/src/ril_ble.o
LOAD ./ril/src/ril_bluetooth.o
LOAD ./ril/src/ril_custom.o
LOAD ./ril/src/ril_ftp.o
LOAD ./ril/src/ril_gps.o
LOAD ./ril/src/ril_http.o
LOAD ./ril/src/ril_init.o
LOAD ./ril/src/ril_location.o
LOAD ./ril/src/ril_network.o
LOAD ./ril/src/ril_ntp.o
LOAD ./ril/src/ril_sim.o
LOAD ./ril/src/ril_sms.o
LOAD ./ril/src/ril_system.o
LOAD ./ril/src/ril_telephony.o
LOAD ./ril/src/ril_urc.o
LOAD ./ril/src/ril_util.o
LOAD ./example/Example_gps_iic.o
LOAD ./example/bluetooth_test.o
LOAD ./example/example_ATCOMMAND.o
LOAD ./example/example_HTTP_GET.o
LOAD ./example/example_adc.o
LOAD ./example/example_alarm.o
LOAD ./example/example_audio.o
LOAD ./example/example_ble.o
LOAD ./example/example_bluetooth.o
LOAD ./example/example_bluetooth_nhan.o
LOAD ./example/example_call.o
LOAD ./example/example_clk.o
LOAD ./example/example_csd.o
LOAD ./example/example_download_epo.o
LOAD ./example/example_dtmf.o
LOAD ./example/example_eint.o
LOAD ./example/example_file.o
LOAD ./example/example_float_math.o
LOAD ./example/example_fota_ftp.o
LOAD ./example/example_fota_http.o
LOAD ./example/example_ftp.o
LOAD ./example/example_gpio.o
LOAD ./example/example_gps.o
LOAD ./example/example_http.o
LOAD ./example/example_http_post.o
LOAD ./example/example_iic.o
LOAD ./example/example_memory.o
LOAD ./example/example_multitask.o
LOAD ./example/example_multitask_port.o
LOAD ./example/example_pwm.o
LOAD ./example/example_sms.o
LOAD ./example/example_spi.o
LOAD ./example/example_system.o
LOAD ./example/example_tcp_demo.o
LOAD ./example/example_tcpclient.o
LOAD ./example/example_tcpserver.o
LOAD ./example/example_test_gps_and_post_2.o
LOAD ./example/example_time.o
LOAD ./example/example_timer.o
LOAD ./example/example_transpass.o
LOAD ./example/example_udpclient.o
LOAD ./example/example_udpserver.o
LOAD ./example/example_watchdog.o
LOAD ./example/location.o
LOAD ./example/main_tracking.o
LOAD ./example/nema_pro.o
LOAD ./example/utility.o
LOAD ./custom/fota/src/fota_ftp.o
LOAD ./custom/fota/src/fota_http.o
LOAD ./custom/fota/src/fota_http_code.o
LOAD ./custom/fota/src/fota_main.o
LOAD ./custom/config/custom_sys_cfg.o
LOAD ./custom/config/sys_config.o
LOAD E:\Do_an\MC60_document\MC60_OpenCPU_GS3_SDK_V1.4_Eclipse\MC60_OpenCPU_GS3_SDK_V1.4_Eclipse\libs\gcc\libapp_start.a
LOAD C:\Program Files (x86)\CodeSourcery\Sourcery_CodeBench_Lite_for_ARM_EABI\arm-none-eabi\lib\thumb\libm.a
LOAD C:\Program Files (x86)\CodeSourcery\Sourcery_CodeBench_Lite_for_ARM_EABI\arm-none-eabi\lib\thumb\libc.a
LOAD C:\Program Files (x86)\CodeSourcery\Sourcery_CodeBench_Lite_for_ARM_EABI\arm-none-eabi\lib\thumb\libcs3.a
LOAD C:\Program Files (x86)\CodeSourcery\Sourcery_CodeBench_Lite_for_ARM_EABI\lib\gcc\arm-none-eabi\4.7.2\thumb\libgcc.a
START GROUP
LOAD C:\Program Files (x86)\CodeSourcery\Sourcery_CodeBench_Lite_for_ARM_EABI\lib\gcc\arm-none-eabi\4.7.2\thumb\libgcc.a
LOAD C:\Program Files (x86)\CodeSourcery\Sourcery_CodeBench_Lite_for_ARM_EABI\arm-none-eabi\lib\thumb\libc.a
END GROUP
                0x102db040                . = 0x102db040

.initdata       0x102db040       0x2c
 *(.initdata)
 .initdata      0x102db040       0x2c E:\Do_an\MC60_document\MC60_OpenCPU_GS3_SDK_V1.4_Eclipse\MC60_OpenCPU_GS3_SDK_V1.4_Eclipse\libs\gcc\libapp_start.a(ql_main.o)
                0x102db040                GADLENTRY

text            0x102db06c     0xd4cc
 *(.text)
 .text          0x102db06c      0x5b8 ./ril/src/Ril_dtmf.o
                0x102db168                RIL_ToneDet_Open
                0x102db1ec                RIL_ToneDet_Close
                0x102db264                RIL_ToneDet_Set
                0x102db310                RIL_ToneDet_Get
                0x102db3d0                OnURCHandler_QToneDet
                0x102db4c4                RIL_WDTMF_Send
                0x102db580                OnURCHandler_QWDTMF
 .text          0x102db624       0xfc ./ril/src/ril_atResponse.o
                0x102db624                Ql_RIL_AT_GetErrCode
                0x102db634                Ql_RIL_AT_SetErrCode
                0x102db648                Default_atRsp_callback
 .text          0x102db720     0x1970 ./ril/src/ril_ble.o
                0x102dbf5c                RIL_BLE_Initialize
                0x102dbf78                RIL_BT_Gatsreg
                0x102dc020                RIL_BT_Gatss
                0x102dc1ac                RIL_BT_Gatsc
                0x102dc2c4                RIL_BT_Gatsd
                0x102dc3fc                RIL_BT_Gatsst
                0x102dc55c                RIL_BT_Gatsind
                0x102dc60c                RIL_BT_Gatsrsp
                0x102dc6c4                RIL_BT_Gatsl
                0x102dc76c                RIL_BT_SetLeTxPwr
                0x102dc800                RIL_BT_QBTFMPsreg
                0x102dc888                RIL_BT_QBTPXPsreg
                0x102dc910                RIL_BT_QBTGatadv
                0x102dc994                RIL_BT_QGatSetadv
                0x102dca44                RIL_BT_Gatcpu
                0x102dcae0                RIL_BT_QGatsdisc
                0x102dcb5c                OnURCHandler_BTGatscon
                0x102dcc90                RIL_BT_GetLeLocalAddr
                0x102dcd90                OnURCHandler_BTGatwreq
                0x102dce84                OnURCHandler_BTGatrreq
                0x102dcf48                OnURCHandler_BTpxpscon
                0x102dcff0                OnURCHandler_BTfmpscon
 .text          0x102dd090     0x3080 ./ril/src/ril_bluetooth.o
                0x102ddc1c                BT_DevMngmt_GetDeviceId
                0x102ddc64                BT_DevMngmt_GetPairedId
                0x102ddcac                BT_DevMngmt_GetConnId
                0x102ddcf4                BT_DevMngmt_GetProfileId
                0x102ddd3c                BT_DevMngmt_GetDevName
                0x102ddd84                BT_DevMngmt_GetDevAddr
                0x102dddcc                RIL_BT_Switch
                0x102dde54                RIL_BT_GetPwrState
                0x102ddec4                RIL_BT_SetName
                0x102ddf60                RIL_BT_GetName
                0x102de09c                RIL_BT_GetLocalAddr
                0x102de194                RIL_BT_SetVisble
                0x102de248                OnURCHandler_BTVisible
                0x102de33c                RIL_BT_GetVisble
                0x102de3b0                OnURCHandler_BTScan
                0x102de674                RIL_BT_GetDevListInfo
                0x102de6ec                RIL_BT_GetDevListPointer
                0x102de6f8                RIL_BT_StopScan
                0x102de750                RIL_BT_QueryState
                0x102de7b4                RIL_BT_StartScan
                0x102de874                RIL_BT_Initialize
                0x102de8a8                RIL_BT_PairReq
                0x102de950                OnURCHandler_BTPair
                0x102deb5c                RIL_BT_PairConfirm
                0x102dec10                OnURCHandler_BTPairCnf
                0x102dee4c                RIL_BT_Unpair
                0x102defb0                RIL_BT_GetSupportedProfile
                0x102df0ec                RIL_BT_ConnReq
                0x102df1b4                OnURCHandler_BTConn
                0x102df448                RIL_BT_SPP_DirectConn
                0x102df4d0                RIL_BT_ConnAccept
                0x102df558                OnURCHandler_BTConnCnf
                0x102df8ac                RIL_BT_Disconnect
                0x102df95c                OnURCHandler_BTDisconn
                0x102dfb84                RIL_BT_SPP_Send
                0x102dfc5c                RIL_BT_SPP_Read
                0x102dfd38                OnURCHandler_BTIndication
 .text          0x102e0110       0x20 ./ril/src/ril_custom.o
                0x102e0110                Ql_RIL_RcvDataFrmCore
 .text          0x102e0130      0xac0 ./ril/src/ril_gps.o
                0x102e05f0                RIL_GPS_Open
                0x102e0694                RIL_GPS_Read
                0x102e07cc                RIL_GPS_Read_TimeSync_Status
                0x102e0874                OnURCHandler_GPSCMD
                0x102e08e0                RIL_GPS_CMD_Send
                0x102e0994                RIL_GPS_EPO_Enable
                0x102e0a48                RIL_GPS_EPO_Aid
                0x102e0ae8                RIL_GPS_EPO_Config_APN
 .text          0x102e0bf0      0x494 ./ril/src/ril_http.o
                0x102e0d1c                RIL_HTTP_SetServerURL
                0x102e0dd4                RIL_HTTP_RequestToGet
                0x102e0e6c                RIL_HTTP_RequestToPost
                0x102e0f20                RIL_HTTP_ReadResponse
                0x102e0fd4                RIL_HTTP_DownloadFile
 .text          0x102e1084       0x10 ./ril/src/ril_init.o
                0x102e1084                RIL_GetInitCmdCnt
                0x102e108c                RIL_GetLimitedCmdCnt
 .text          0x102e1094      0x29c ./ril/src/ril_location.o
                0x102e1094                RIL_GetLocation
                0x102e1168                RIL_GetLocationByCell
                0x102e1258                OnURCHandler_QCELLLocation
 .text          0x102e1330      0xb70 ./ril/src/ril_network.o
                0x102e1710                RIL_NW_GetGSMState
                0x102e1784                RIL_NW_GetGPRSState
                0x102e1800                RIL_NW_GetSignalQuality
                0x102e1890                RIL_NW_SetGPRSContext
                0x102e190c                RIL_NW_SetAPN
                0x102e1a1c                RIL_NW_GetIpStatusByName
                0x102e1ccc                RIL_NW_GetIPStatus
                0x102e1d14                RIL_NW_OpenPDPContext
                0x102e1dc4                RIL_NW_ClosePDPContext
                0x102e1e2c                RIL_NW_GetOperator
 .text          0x102e1ea0      0x10c ./ril/src/ril_ntp.o
                0x102e1ea0                OnURCHandler_NTPCMD
                0x102e1f0c                RIL_NTP_START
 .text          0x102e1fac      0x5a4 ./ril/src/ril_sim.o
                0x102e210c                RIL_SIM_GetSimStateByName
                0x102e23f4                RIL_SIM_GetSimState
                0x102e2468                RIL_SIM_GetIMSI
                0x102e24dc                RIL_SIM_GetCCID
 .text          0x102e2550      0xbec ./ril/src/ril_urc.o
                0x102e2fe0                OnURCHandler
                0x102e30b4                Ql_RIL_IsURCStr
 .text          0x102e313c      0x4a0 ./ril/src/ril_util.o
                0x102e313c                Ql_StrPrefixMatch
                0x102e318c                Ql_StrToUpper
                0x102e31e8                Ql_HexStrToInt
                0x102e327c                Ql_RIL_FindString
                0x102e3308                Ql_RIL_FindLine
                0x102e3588                Ql_GenHash
 .text          0x102e35dc     0x421c ./example/main_tracking.o
                0x102e35dc                CallBack_UART_Hdlr
                0x102e35e0                Location_Program
                0x102e36a0                proc_main_task
                0x102e393c                mystrcat
                0x102e3990                msg_create
                0x102e3e74                FloatToString
                0x102e6ad8                HTTP_Program
                0x102e6bd8                BT_Callback
                0x102e717c                BT_COM_Demo
                0x102e7368                Get_Timestamp
                0x102e76f4                Callback_Location
 .text          0x102e77f8       0x4c E:\Do_an\MC60_document\MC60_OpenCPU_GS3_SDK_V1.4_Eclipse\MC60_OpenCPU_GS3_SDK_V1.4_Eclipse\libs\gcc\libapp_start.a(ocpu_init.o)
                0x102e77f8                _OCPU_InitUserMem
 .text          0x102e7844      0x10c C:\Program Files (x86)\CodeSourcery\Sourcery_CodeBench_Lite_for_ARM_EABI\arm-none-eabi\lib\thumb\libc.a(lib_a-memcpy.o)
                0x102e7844                memcpy
 .text          0x102e7950       0x9c C:\Program Files (x86)\CodeSourcery\Sourcery_CodeBench_Lite_for_ARM_EABI\arm-none-eabi\lib\thumb\libc.a(lib_a-memset.o)
                0x102e7950                memset
 .text          0x102e79ec      0x41c C:\Program Files (x86)\CodeSourcery\Sourcery_CodeBench_Lite_for_ARM_EABI\lib\gcc\arm-none-eabi\4.7.2\thumb\libgcc.a(_arm_addsubdf3.o)
                0x102e79ec                __aeabi_drsub
                0x102e79f4                __aeabi_dsub
                0x102e79f4                __subdf3
                0x102e79f8                __aeabi_dadd
                0x102e79f8                __adddf3
                0x102e7d08                __floatunsidf
                0x102e7d08                __aeabi_ui2d
                0x102e7d2c                __floatsidf
                0x102e7d2c                __aeabi_i2d
                0x102e7d54                __aeabi_f2d
                0x102e7d54                __extendsfdf2
                0x102e7d94                __floatundidf
                0x102e7d94                __aeabi_ul2d
                0x102e7da8                __floatdidf
                0x102e7da8                __aeabi_l2d
 .text          0x102e7e08      0x49c C:\Program Files (x86)\CodeSourcery\Sourcery_CodeBench_Lite_for_ARM_EABI\lib\gcc\arm-none-eabi\4.7.2\thumb\libgcc.a(_arm_muldivdf3.o)
                0x102e7e08                __aeabi_dmul
                0x102e7e08                __muldf3
                0x102e8098                __divdf3
                0x102e8098                __aeabi_ddiv
 .text          0x102e82a4      0x144 C:\Program Files (x86)\CodeSourcery\Sourcery_CodeBench_Lite_for_ARM_EABI\lib\gcc\arm-none-eabi\4.7.2\thumb\libgcc.a(_arm_cmpdf2.o)
                0x102e82a4                __gtdf2
                0x102e82a4                __gedf2
                0x102e82ac                __ltdf2
                0x102e82ac                __ledf2
                0x102e82b4                __nedf2
                0x102e82b4                __eqdf2
                0x102e82b4                __cmpdf2
                0x102e833c                __aeabi_cdrcmple
                0x102e8358                __aeabi_cdcmpeq
                0x102e8358                __aeabi_cdcmple
                0x102e8370                __aeabi_dcmpeq
                0x102e8388                __aeabi_dcmplt
                0x102e83a0                __aeabi_dcmple
                0x102e83b8                __aeabi_dcmpge
                0x102e83d0                __aeabi_dcmpgt
 .text          0x102e83e8       0x5c C:\Program Files (x86)\CodeSourcery\Sourcery_CodeBench_Lite_for_ARM_EABI\lib\gcc\arm-none-eabi\4.7.2\thumb\libgcc.a(_arm_fixdfsi.o)
                0x102e83e8                __aeabi_d2iz
                0x102e83e8                __fixdfsi
 .text          0x102e8444       0x54 C:\Program Files (x86)\CodeSourcery\Sourcery_CodeBench_Lite_for_ARM_EABI\lib\gcc\arm-none-eabi\4.7.2\thumb\libgcc.a(_arm_fixunsdfsi.o)
                0x102e8444                __aeabi_d2uiz
                0x102e8444                __fixunsdfsi
 .text          0x102e8498       0xa0 C:\Program Files (x86)\CodeSourcery\Sourcery_CodeBench_Lite_for_ARM_EABI\lib\gcc\arm-none-eabi\4.7.2\thumb\libgcc.a(_arm_truncdfsf2.o)
                0x102e8498                __truncdfsf2
                0x102e8498                __aeabi_d2f

.glue_7         0x102e8538        0x0
 .glue_7        0x00000000        0x0 linker stubs

.glue_7t        0x102e8538        0x0
 .glue_7t       0x00000000        0x0 linker stubs

.vfp11_veneer   0x102e8538        0x0
 .vfp11_veneer  0x00000000        0x0 linker stubs

.v4_bx          0x102e8538        0x0
 .v4_bx         0x00000000        0x0 linker stubs

.iplt           0x102e8538        0x0
 .iplt          0x00000000        0x0 ./ril/src/Ril_dtmf.o

.text.Ql_GPRS_GetPDPCntxtState
                0x102e8538       0x60
 .text.Ql_GPRS_GetPDPCntxtState
                0x102e8538       0x60 E:\Do_an\MC60_document\MC60_OpenCPU_GS3_SDK_V1.4_Eclipse\MC60_OpenCPU_GS3_SDK_V1.4_Eclipse\libs\gcc\libapp_start.a(gprs.o)
                0x102e8538                Ql_GPRS_GetPDPCntxtState

.text.Ql_GPRS_GetPDPContextId
                0x102e8598       0x60
 .text.Ql_GPRS_GetPDPContextId
                0x102e8598       0x60 E:\Do_an\MC60_document\MC60_OpenCPU_GS3_SDK_V1.4_Eclipse\MC60_OpenCPU_GS3_SDK_V1.4_Eclipse\libs\gcc\libapp_start.a(gprs.o)
                0x102e8598                Ql_GPRS_GetPDPContextId

.text.Ql_MEM_Alloc
                0x102e85f8       0x78
 .text.Ql_MEM_Alloc
                0x102e85f8       0x78 E:\Do_an\MC60_document\MC60_OpenCPU_GS3_SDK_V1.4_Eclipse\MC60_OpenCPU_GS3_SDK_V1.4_Eclipse\libs\gcc\libapp_start.a(memory.o)
                0x102e85f8                Ql_MEM_Alloc

.text.Ql_MEM_Free
                0x102e8670       0x74
 .text.Ql_MEM_Free
                0x102e8670       0x74 E:\Do_an\MC60_document\MC60_OpenCPU_GS3_SDK_V1.4_Eclipse\MC60_OpenCPU_GS3_SDK_V1.4_Eclipse\libs\gcc\libapp_start.a(memory.o)
                0x102e8670                Ql_MEM_Free

.text.ql_InitVFunc
                0x102e86e4      0x104
 .text.ql_InitVFunc
                0x102e86e4      0x104 E:\Do_an\MC60_document\MC60_OpenCPU_GS3_SDK_V1.4_Eclipse\MC60_OpenCPU_GS3_SDK_V1.4_Eclipse\libs\gcc\libapp_start.a(ql_main.o)
                0x102e86e4                ql_InitVFunc

.text.ocpu_main
                0x102e87e8       0xf0
 .text.ocpu_main
                0x102e87e8       0xf0 E:\Do_an\MC60_document\MC60_OpenCPU_GS3_SDK_V1.4_Eclipse\MC60_OpenCPU_GS3_SDK_V1.4_Eclipse\libs\gcc\libapp_start.a(ql_main.o)
                0x102e87e8                ocpu_main

.text.proc_reserved2
                0x102e88d8       0x70
 .text.proc_reserved2
                0x102e88d8       0x70 E:\Do_an\MC60_document\MC60_OpenCPU_GS3_SDK_V1.4_Eclipse\MC60_OpenCPU_GS3_SDK_V1.4_Eclipse\libs\gcc\libapp_start.a(ril_aux.o)
                0x102e88d8                proc_reserved2

.text.ril_StopATTimer
                0x102e8948       0x34
 .text.ril_StopATTimer
                0x102e8948       0x34 E:\Do_an\MC60_document\MC60_OpenCPU_GS3_SDK_V1.4_Eclipse\MC60_OpenCPU_GS3_SDK_V1.4_Eclipse\libs\gcc\libapp_start.a(ril_main.o)

.text.Callback_OnATTimer
                0x102e897c       0x4c
 .text.Callback_OnATTimer
                0x102e897c       0x4c E:\Do_an\MC60_document\MC60_OpenCPU_GS3_SDK_V1.4_Eclipse\MC60_OpenCPU_GS3_SDK_V1.4_Eclipse\libs\gcc\libapp_start.a(ril_main.o)

.text.CallBack_SerialPort_Hdlr
                0x102e89c8      0x384
 .text.CallBack_SerialPort_Hdlr
                0x102e89c8      0x384 E:\Do_an\MC60_document\MC60_OpenCPU_GS3_SDK_V1.4_Eclipse\MC60_OpenCPU_GS3_SDK_V1.4_Eclipse\libs\gcc\libapp_start.a(ril_main.o)

.text.proc_reserved1
                0x102e8d4c      0x200
 .text.proc_reserved1
                0x102e8d4c      0x200 E:\Do_an\MC60_document\MC60_OpenCPU_GS3_SDK_V1.4_Eclipse\MC60_OpenCPU_GS3_SDK_V1.4_Eclipse\libs\gcc\libapp_start.a(ril_main.o)
                0x102e8d4c                proc_reserved1

.text.Ql_RIL_Initialize
                0x102e8f4c       0xd4
 .text.Ql_RIL_Initialize
                0x102e8f4c       0xd4 E:\Do_an\MC60_document\MC60_OpenCPU_GS3_SDK_V1.4_Eclipse\MC60_OpenCPU_GS3_SDK_V1.4_Eclipse\libs\gcc\libapp_start.a(ril_main.o)
                0x102e8f4c                Ql_RIL_Initialize

.text.Ql_RIL_SendATCmd
                0x102e9020      0x260
 .text.Ql_RIL_SendATCmd
                0x102e9020      0x260 E:\Do_an\MC60_document\MC60_OpenCPU_GS3_SDK_V1.4_Eclipse\MC60_OpenCPU_GS3_SDK_V1.4_Eclipse\libs\gcc\libapp_start.a(ril_main.o)
                0x102e9020                Ql_RIL_SendATCmd

.text.Ql_RIL_WriteDataToCore
                0x102e9280       0x24
 .text.Ql_RIL_WriteDataToCore
                0x102e9280       0x24 E:\Do_an\MC60_document\MC60_OpenCPU_GS3_SDK_V1.4_Eclipse\MC60_OpenCPU_GS3_SDK_V1.4_Eclipse\libs\gcc\libapp_start.a(ril_main.o)
                0x102e9280                Ql_RIL_WriteDataToCore

.text.Ql_atof   0x102e92a4       0x98
 .text.Ql_atof  0x102e92a4       0x98 E:\Do_an\MC60_document\MC60_OpenCPU_GS3_SDK_V1.4_Eclipse\MC60_OpenCPU_GS3_SDK_V1.4_Eclipse\libs\gcc\libapp_start.a(stdlib_func.o)
                0x102e92a4                Ql_atof

.text.Ql_strcpy
                0x102e933c       0xa0
 .text.Ql_strcpy
                0x102e933c       0xa0 E:\Do_an\MC60_document\MC60_OpenCPU_GS3_SDK_V1.4_Eclipse\MC60_OpenCPU_GS3_SDK_V1.4_Eclipse\libs\gcc\libapp_start.a(stdlib_func.o)
                0x102e933c                Ql_strcpy

.text.Ql_strncpy
                0x102e93dc       0x88
 .text.Ql_strncpy
                0x102e93dc       0x88 E:\Do_an\MC60_document\MC60_OpenCPU_GS3_SDK_V1.4_Eclipse\MC60_OpenCPU_GS3_SDK_V1.4_Eclipse\libs\gcc\libapp_start.a(stdlib_func.o)
                0x102e93dc                Ql_strncpy

.text.Ql_strncat
                0x102e9464       0x88
 .text.Ql_strncat
                0x102e9464       0x88 E:\Do_an\MC60_document\MC60_OpenCPU_GS3_SDK_V1.4_Eclipse\MC60_OpenCPU_GS3_SDK_V1.4_Eclipse\libs\gcc\libapp_start.a(stdlib_func.o)
                0x102e9464                Ql_strncat

.text.Ql_strlen
                0x102e94ec       0x78
 .text.Ql_strlen
                0x102e94ec       0x78 E:\Do_an\MC60_document\MC60_OpenCPU_GS3_SDK_V1.4_Eclipse\MC60_OpenCPU_GS3_SDK_V1.4_Eclipse\libs\gcc\libapp_start.a(stdlib_func.o)
                0x102e94ec                Ql_strlen

.text.Ql_strcmp
                0x102e9564       0x68
 .text.Ql_strcmp
                0x102e9564       0x68 E:\Do_an\MC60_document\MC60_OpenCPU_GS3_SDK_V1.4_Eclipse\MC60_OpenCPU_GS3_SDK_V1.4_Eclipse\libs\gcc\libapp_start.a(stdlib_func.o)
                0x102e9564                Ql_strcmp

.text.Ql_strncmp
                0x102e95cc       0x70
 .text.Ql_strncmp
                0x102e95cc       0x70 E:\Do_an\MC60_document\MC60_OpenCPU_GS3_SDK_V1.4_Eclipse\MC60_OpenCPU_GS3_SDK_V1.4_Eclipse\libs\gcc\libapp_start.a(stdlib_func.o)
                0x102e95cc                Ql_strncmp

.text.Ql_memset
                0x102e963c       0x88
 .text.Ql_memset
                0x102e963c       0x88 E:\Do_an\MC60_document\MC60_OpenCPU_GS3_SDK_V1.4_Eclipse\MC60_OpenCPU_GS3_SDK_V1.4_Eclipse\libs\gcc\libapp_start.a(stdlib_func.o)
                0x102e963c                Ql_memset

.text.Ql_memcpy
                0x102e96c4       0x88
 .text.Ql_memcpy
                0x102e96c4       0x88 E:\Do_an\MC60_document\MC60_OpenCPU_GS3_SDK_V1.4_Eclipse\MC60_OpenCPU_GS3_SDK_V1.4_Eclipse\libs\gcc\libapp_start.a(stdlib_func.o)
                0x102e96c4                Ql_memcpy

.text.Ql_strstr
                0x102e974c       0x80
 .text.Ql_strstr
                0x102e974c       0x80 E:\Do_an\MC60_document\MC60_OpenCPU_GS3_SDK_V1.4_Eclipse\MC60_OpenCPU_GS3_SDK_V1.4_Eclipse\libs\gcc\libapp_start.a(stdlib_func.o)
                0x102e974c                Ql_strstr

.text.Ql_toupper
                0x102e97cc        0x8
 .text.Ql_toupper
                0x102e97cc        0x8 E:\Do_an\MC60_document\MC60_OpenCPU_GS3_SDK_V1.4_Eclipse\MC60_OpenCPU_GS3_SDK_V1.4_Eclipse\libs\gcc\libapp_start.a(stdlib_func.o)
                0x102e97cc                Ql_toupper

.text.Ql_atoi   0x102e97d4       0x84
 .text.Ql_atoi  0x102e97d4       0x84 E:\Do_an\MC60_document\MC60_OpenCPU_GS3_SDK_V1.4_Eclipse\MC60_OpenCPU_GS3_SDK_V1.4_Eclipse\libs\gcc\libapp_start.a(stdlib_func.o)
                0x102e97d4                Ql_atoi

.text.Ql_Sleep  0x102e9858       0x74
 .text.Ql_Sleep
                0x102e9858       0x74 E:\Do_an\MC60_document\MC60_OpenCPU_GS3_SDK_V1.4_Eclipse\MC60_OpenCPU_GS3_SDK_V1.4_Eclipse\libs\gcc\libapp_start.a(system.o)
                0x102e9858                Ql_Sleep

.text.Ql_GetSDKVer
                0x102e98cc       0x64
 .text.Ql_GetSDKVer
                0x102e98cc       0x64 E:\Do_an\MC60_document\MC60_OpenCPU_GS3_SDK_V1.4_Eclipse\MC60_OpenCPU_GS3_SDK_V1.4_Eclipse\libs\gcc\libapp_start.a(system.o)
                0x102e98cc                Ql_GetSDKVer

.text.Ql_OS_GetMessage
                0x102e9930       0x60
 .text.Ql_OS_GetMessage
                0x102e9930       0x60 E:\Do_an\MC60_document\MC60_OpenCPU_GS3_SDK_V1.4_Eclipse\MC60_OpenCPU_GS3_SDK_V1.4_Eclipse\libs\gcc\libapp_start.a(taskMngt.o)
                0x102e9930                Ql_OS_GetMessage

.text.Ql_OS_SendMessage
                0x102e9990       0x78
 .text.Ql_OS_SendMessage
                0x102e9990       0x78 E:\Do_an\MC60_document\MC60_OpenCPU_GS3_SDK_V1.4_Eclipse\MC60_OpenCPU_GS3_SDK_V1.4_Eclipse\libs\gcc\libapp_start.a(taskMngt.o)
                0x102e9990                Ql_OS_SendMessage

.text.Ql_OS_CreateMutex
                0x102e9a08       0x54
 .text.Ql_OS_CreateMutex
                0x102e9a08       0x54 E:\Do_an\MC60_document\MC60_OpenCPU_GS3_SDK_V1.4_Eclipse\MC60_OpenCPU_GS3_SDK_V1.4_Eclipse\libs\gcc\libapp_start.a(taskMngt.o)
                0x102e9a08                Ql_OS_CreateMutex

.text.Ql_OS_TakeMutex
                0x102e9a5c       0x54
 .text.Ql_OS_TakeMutex
                0x102e9a5c       0x54 E:\Do_an\MC60_document\MC60_OpenCPU_GS3_SDK_V1.4_Eclipse\MC60_OpenCPU_GS3_SDK_V1.4_Eclipse\libs\gcc\libapp_start.a(taskMngt.o)
                0x102e9a5c                Ql_OS_TakeMutex

.text.Ql_OS_GiveMutex
                0x102e9ab0       0x54
 .text.Ql_OS_GiveMutex
                0x102e9ab0       0x54 E:\Do_an\MC60_document\MC60_OpenCPU_GS3_SDK_V1.4_Eclipse\MC60_OpenCPU_GS3_SDK_V1.4_Eclipse\libs\gcc\libapp_start.a(taskMngt.o)
                0x102e9ab0                Ql_OS_GiveMutex

.text.Ql_OS_CreateEvent
                0x102e9b04       0x54
 .text.Ql_OS_CreateEvent
                0x102e9b04       0x54 E:\Do_an\MC60_document\MC60_OpenCPU_GS3_SDK_V1.4_Eclipse\MC60_OpenCPU_GS3_SDK_V1.4_Eclipse\libs\gcc\libapp_start.a(taskMngt.o)
                0x102e9b04                Ql_OS_CreateEvent

.text.Ql_OS_WaitEvent
                0x102e9b58       0x68
 .text.Ql_OS_WaitEvent
                0x102e9b58       0x68 E:\Do_an\MC60_document\MC60_OpenCPU_GS3_SDK_V1.4_Eclipse\MC60_OpenCPU_GS3_SDK_V1.4_Eclipse\libs\gcc\libapp_start.a(taskMngt.o)
                0x102e9b58                Ql_OS_WaitEvent

.text.Ql_OS_SetEvent
                0x102e9bc0       0x68
 .text.Ql_OS_SetEvent
                0x102e9bc0       0x68 E:\Do_an\MC60_document\MC60_OpenCPU_GS3_SDK_V1.4_Eclipse\MC60_OpenCPU_GS3_SDK_V1.4_Eclipse\libs\gcc\libapp_start.a(taskMngt.o)
                0x102e9bc0                Ql_OS_SetEvent

.text.Ql_GetLocalTime
                0x102e9c28       0x54
 .text.Ql_GetLocalTime
                0x102e9c28       0x54 E:\Do_an\MC60_document\MC60_OpenCPU_GS3_SDK_V1.4_Eclipse\MC60_OpenCPU_GS3_SDK_V1.4_Eclipse\libs\gcc\libapp_start.a(time.o)
                0x102e9c28                Ql_GetLocalTime

.text.Ql_Timer_Register
                0x102e9c7c       0x70
 .text.Ql_Timer_Register
                0x102e9c7c       0x70 E:\Do_an\MC60_document\MC60_OpenCPU_GS3_SDK_V1.4_Eclipse\MC60_OpenCPU_GS3_SDK_V1.4_Eclipse\libs\gcc\libapp_start.a(timer.o)
                0x102e9c7c                Ql_Timer_Register

.text.Ql_Timer_Start
                0x102e9cec       0x70
 .text.Ql_Timer_Start
                0x102e9cec       0x70 E:\Do_an\MC60_document\MC60_OpenCPU_GS3_SDK_V1.4_Eclipse\MC60_OpenCPU_GS3_SDK_V1.4_Eclipse\libs\gcc\libapp_start.a(timer.o)
                0x102e9cec                Ql_Timer_Start

.text.Ql_Timer_Stop
                0x102e9d5c       0x60
 .text.Ql_Timer_Stop
                0x102e9d5c       0x60 E:\Do_an\MC60_document\MC60_OpenCPU_GS3_SDK_V1.4_Eclipse\MC60_OpenCPU_GS3_SDK_V1.4_Eclipse\libs\gcc\libapp_start.a(timer.o)
                0x102e9d5c                Ql_Timer_Stop

.text.Ql_UART_Register
                0x102e9dbc       0x70
 .text.Ql_UART_Register
                0x102e9dbc       0x70 E:\Do_an\MC60_document\MC60_OpenCPU_GS3_SDK_V1.4_Eclipse\MC60_OpenCPU_GS3_SDK_V1.4_Eclipse\libs\gcc\libapp_start.a(uart.o)
                0x102e9dbc                Ql_UART_Register

.text.Ql_UART_Open
                0x102e9e2c       0x70
 .text.Ql_UART_Open
                0x102e9e2c       0x70 E:\Do_an\MC60_document\MC60_OpenCPU_GS3_SDK_V1.4_Eclipse\MC60_OpenCPU_GS3_SDK_V1.4_Eclipse\libs\gcc\libapp_start.a(uart.o)
                0x102e9e2c                Ql_UART_Open

.text.Ql_UART_Write
                0x102e9e9c       0x70
 .text.Ql_UART_Write
                0x102e9e9c       0x70 E:\Do_an\MC60_document\MC60_OpenCPU_GS3_SDK_V1.4_Eclipse\MC60_OpenCPU_GS3_SDK_V1.4_Eclipse\libs\gcc\libapp_start.a(uart.o)
                0x102e9e9c                Ql_UART_Write

.text.Ql_UART_Read
                0x102e9f0c       0x70
 .text.Ql_UART_Read
                0x102e9f0c       0x70 E:\Do_an\MC60_document\MC60_OpenCPU_GS3_SDK_V1.4_Eclipse\MC60_OpenCPU_GS3_SDK_V1.4_Eclipse\libs\gcc\libapp_start.a(uart.o)
                0x102e9f0c                Ql_UART_Read

.text.Ql_UART_GetPinStatus
                0x102e9f7c       0x68
 .text.Ql_UART_GetPinStatus
                0x102e9f7c       0x68 E:\Do_an\MC60_document\MC60_OpenCPU_GS3_SDK_V1.4_Eclipse\MC60_OpenCPU_GS3_SDK_V1.4_Eclipse\libs\gcc\libapp_start.a(uart.o)
                0x102e9f7c                Ql_UART_GetPinStatus

.text.Ql_UART_SendEscap
                0x102e9fe4       0x60
 .text.Ql_UART_SendEscap
                0x102e9fe4       0x60 E:\Do_an\MC60_document\MC60_OpenCPU_GS3_SDK_V1.4_Eclipse\MC60_OpenCPU_GS3_SDK_V1.4_Eclipse\libs\gcc\libapp_start.a(uart.o)
                0x102e9fe4                Ql_UART_SendEscap

.rodata         0x102ea044      0xd70
 *(.rodata)
 .rodata        0x102ea044       0x1c ./ril/src/Ril_dtmf.o
 .rodata        0x102ea060       0x10 ./ril/src/ril_ble.o
 .rodata        0x102ea070      0x11c ./ril/src/ril_bluetooth.o
 .rodata        0x102ea18c       0x44 ./ril/src/ril_gps.o
 .rodata        0x102ea1d0       0x68 ./ril/src/ril_http.o
 .rodata        0x102ea238       0x10 ./ril/src/ril_location.o
 .rodata        0x102ea248       0x68 ./ril/src/ril_network.o
 .rodata        0x102ea2b0        0xc ./ril/src/ril_ntp.o
 .rodata        0x102ea2bc       0x48 ./ril/src/ril_sim.o
 .rodata        0x102ea304      0x9d8 ./ril/src/ril_urc.o
 .rodata        0x102eacdc        0x8 ./example/main_tracking.o
 .rodata        0x102eace4       0x4c ./custom/config/custom_sys_cfg.o
                0x102eace8                SystemCfg
 .rodata        0x102ead30       0x54 ./custom/config/sys_config.o
                0x102ead30                GpioConfigTbl
                0x102ead34                TaskConfig
 .rodata        0x102ead84       0x16 E:\Do_an\MC60_document\MC60_OpenCPU_GS3_SDK_V1.4_Eclipse\MC60_OpenCPU_GS3_SDK_V1.4_Eclipse\libs\gcc\libapp_start.a(ql_main.o)
 .rodata        0x102ead9a        0x4 E:\Do_an\MC60_document\MC60_OpenCPU_GS3_SDK_V1.4_Eclipse\MC60_OpenCPU_GS3_SDK_V1.4_Eclipse\libs\gcc\libapp_start.a(ril_main.o)
 .rodata        0x102ead9e       0x16 E:\Do_an\MC60_document\MC60_OpenCPU_GS3_SDK_V1.4_Eclipse\MC60_OpenCPU_GS3_SDK_V1.4_Eclipse\libs\gcc\libapp_start.a(system.o)

.rodata.str1.4  0x102eadb4     0x1494
 .rodata.str1.4
                0x102eadb4       0xd7 ./ril/src/Ril_dtmf.o
                                 0xdc (size before relaxing)
 *fill*         0x102eae8b        0x1 
 .rodata.str1.4
                0x102eae8c       0x19 ./ril/src/ril_atResponse.o
                                 0x34 (size before relaxing)
 *fill*         0x102eaea5        0x3 
 .rodata.str1.4
                0x102eaea8      0x4e4 ./ril/src/ril_ble.o
                                0x528 (size before relaxing)
 .rodata.str1.4
                0x102eb38c      0x4d0 ./ril/src/ril_bluetooth.o
                                0x544 (size before relaxing)
 .rodata.str1.4
                0x102eb85c      0x11b ./ril/src/ril_gps.o
                                0x13c (size before relaxing)
 *fill*         0x102eb977        0x1 
 .rodata.str1.4
                0x102eb978       0x19 ./ril/src/ril_http.o
                                 0x34 (size before relaxing)
 *fill*         0x102eb991        0x3 
 .rodata.str1.4
                0x102eb994       0x57 ./ril/src/ril_init.o
                                 0x58 (size before relaxing)
 *fill*         0x102eb9eb        0x1 
 .rodata.str1.4
                0x102eb9ec       0x49 ./ril/src/ril_location.o
                                 0x6c (size before relaxing)
 *fill*         0x102eba35        0x3 
 .rodata.str1.4
                0x102eba38      0x11c ./ril/src/ril_network.o
                                0x13c (size before relaxing)
 .rodata.str1.4
                0x102ebb54       0x12 ./ril/src/ril_ntp.o
                                 0x14 (size before relaxing)
 *fill*         0x102ebb66        0x2 
 .rodata.str1.4
                0x102ebb68       0xa4 ./ril/src/ril_sim.o
                                 0xc8 (size before relaxing)
 .rodata.str1.4
                0x102ebc0c      0x18c ./ril/src/ril_urc.o
                                0x194 (size before relaxing)
 .rodata.str1.4
                0x102ebd98       0x1d ./ril/src/ril_util.o
                                 0x20 (size before relaxing)
 *fill*         0x102ebdb5        0x3 
 .rodata.str1.4
                0x102ebdb8      0x490 ./example/main_tracking.o
                                0x4ac (size before relaxing)

.rodata.str1.1  0x102ec248      0x504
 .rodata.str1.1
                0x102ec248       0xcb E:\Do_an\MC60_document\MC60_OpenCPU_GS3_SDK_V1.4_Eclipse\MC60_OpenCPU_GS3_SDK_V1.4_Eclipse\libs\gcc\libapp_start.a(gprs.o)
 .rodata.str1.1
                0x102ec313       0x19 E:\Do_an\MC60_document\MC60_OpenCPU_GS3_SDK_V1.4_Eclipse\MC60_OpenCPU_GS3_SDK_V1.4_Eclipse\libs\gcc\libapp_start.a(memory.o)
 .rodata.str1.1
                0x102ec32c       0x56 E:\Do_an\MC60_document\MC60_OpenCPU_GS3_SDK_V1.4_Eclipse\MC60_OpenCPU_GS3_SDK_V1.4_Eclipse\libs\gcc\libapp_start.a(ql_main.o)
 .rodata.str1.1
                0x102ec382       0x1e E:\Do_an\MC60_document\MC60_OpenCPU_GS3_SDK_V1.4_Eclipse\MC60_OpenCPU_GS3_SDK_V1.4_Eclipse\libs\gcc\libapp_start.a(ril_main.o)
                                 0x25 (size before relaxing)
 .rodata.str1.1
                0x102ec3a0       0xa1 E:\Do_an\MC60_document\MC60_OpenCPU_GS3_SDK_V1.4_Eclipse\MC60_OpenCPU_GS3_SDK_V1.4_Eclipse\libs\gcc\libapp_start.a(stdlib_func.o)
 .rodata.str1.1
                0x102ec441       0x3d E:\Do_an\MC60_document\MC60_OpenCPU_GS3_SDK_V1.4_Eclipse\MC60_OpenCPU_GS3_SDK_V1.4_Eclipse\libs\gcc\libapp_start.a(system.o)
 .rodata.str1.1
                0x102ec47e      0x140 E:\Do_an\MC60_document\MC60_OpenCPU_GS3_SDK_V1.4_Eclipse\MC60_OpenCPU_GS3_SDK_V1.4_Eclipse\libs\gcc\libapp_start.a(taskMngt.o)
 .rodata.str1.1
                0x102ec5be       0x41 E:\Do_an\MC60_document\MC60_OpenCPU_GS3_SDK_V1.4_Eclipse\MC60_OpenCPU_GS3_SDK_V1.4_Eclipse\libs\gcc\libapp_start.a(time.o)
 .rodata.str1.1
                0x102ec5ff       0x45 E:\Do_an\MC60_document\MC60_OpenCPU_GS3_SDK_V1.4_Eclipse\MC60_OpenCPU_GS3_SDK_V1.4_Eclipse\libs\gcc\libapp_start.a(timer.o)
 .rodata.str1.1
                0x102ec644      0x108 E:\Do_an\MC60_document\MC60_OpenCPU_GS3_SDK_V1.4_Eclipse\MC60_OpenCPU_GS3_SDK_V1.4_Eclipse\libs\gcc\libapp_start.a(uart.o)

.rel.dyn        0x102ec74c        0x0
 .rel.iplt      0x00000000        0x0 ./ril/src/Ril_dtmf.o

.data           0xf03d2000       0x60 load address 0x102ec750
                0x102ec750                PROVIDE (__data_load, LOADADDR (.data))
                0xf03d2000                PROVIDE (__data_start, .)
 *(.data)
 .data          0xf03d2000        0x1 ./ril/src/ril_bluetooth.o
 *fill*         0xf03d2001        0x3 
 .data          0xf03d2004       0x20 ./ril/src/ril_init.o
                0xf03d2004                g_LimitedCmds
                0xf03d200c                g_InitCmds
 .data          0xf03d2024        0xc ./example/main_tracking.o
 .data          0xf03d2030       0x18 E:\Do_an\MC60_document\MC60_OpenCPU_GS3_SDK_V1.4_Eclipse\MC60_OpenCPU_GS3_SDK_V1.4_Eclipse\libs\gcc\libapp_start.a(ql_func.o)
                0xf03d2030                api_notsup
 .data          0xf03d2048        0x4 E:\Do_an\MC60_document\MC60_OpenCPU_GS3_SDK_V1.4_Eclipse\MC60_OpenCPU_GS3_SDK_V1.4_Eclipse\libs\gcc\libapp_start.a(ril_aux.o)
                0xf03d2048                g_ril_auxTaskId
 .data          0xf03d204c       0x10 E:\Do_an\MC60_document\MC60_OpenCPU_GS3_SDK_V1.4_Eclipse\MC60_OpenCPU_GS3_SDK_V1.4_Eclipse\libs\gcc\libapp_start.a(ril_main.o)
                0xf03d2060                . = ALIGN (0x8)
 *fill*         0xf03d205c        0x4 
                0xf03d2060                PROVIDE (_edata, .)

.igot.plt       0xf03d2060        0x0 load address 0x102ec7b0
 .igot.plt      0x00000000        0x0 ./ril/src/Ril_dtmf.o

.bss            0xf03d2060     0x1400 load address 0x102ec7b0
                0xf03d2060                PROVIDE (__bss_start__, .)
 *(.bss)
 .bss           0xf03d2060       0x10 ./ril/src/Ril_dtmf.o
 .bss           0xf03d2070        0x4 ./ril/src/ril_atResponse.o
 .bss           0xf03d2074        0x4 ./ril/src/ril_audio.o
                0xf03d2074                cb_aud_play
 .bss           0xf03d2078        0x4 ./ril/src/ril_ble.o
 .bss           0xf03d207c       0x98 ./ril/src/ril_bluetooth.o
 .bss           0xf03d2114        0x4 ./ril/src/ril_custom.o
                0xf03d2114                cb_rcvCoreData
 .bss           0xf03d2118        0x4 ./ril/src/ril_gps.o
 .bss           0xf03d211c       0x18 ./ril/src/ril_http.o
                0xf03d2120                http_url_addr
                0xf03d2124                http_url_addr_len
                0xf03d2128                http_post_msg
                0xf03d212c                http_post_msg_len
                0xf03d2130                callback_http_dwnld
 .bss           0xf03d2134        0x4 ./ril/src/ril_location.o
 .bss           0xf03d2138        0x4 ./ril/src/ril_ntp.o
 .bss           0xf03d213c        0x8 ./ril/src/ril_urc.o
                0xf03d213c                FtpGet_IND_CB
                0xf03d2140                FtpPut_IND_CB
 .bss           0xf03d2144      0x458 ./example/main_tracking.o
 .bss           0xf03d259c       0x28 E:\Do_an\MC60_document\MC60_OpenCPU_GS3_SDK_V1.4_Eclipse\MC60_OpenCPU_GS3_SDK_V1.4_Eclipse\libs\gcc\libapp_start.a(gprs.o)
 .bss           0xf03d25c4        0x8 E:\Do_an\MC60_document\MC60_OpenCPU_GS3_SDK_V1.4_Eclipse\MC60_OpenCPU_GS3_SDK_V1.4_Eclipse\libs\gcc\libapp_start.a(memory.o)
 .bss           0xf03d25cc       0x24 E:\Do_an\MC60_document\MC60_OpenCPU_GS3_SDK_V1.4_Eclipse\MC60_OpenCPU_GS3_SDK_V1.4_Eclipse\libs\gcc\libapp_start.a(ql_func.o)
                0xf03d25cc                m_StartPlayAudioStream
                0xf03d25d0                m_get_api_ptr
                0xf03d25d4                m_StopPlayAudioStream
                0xf03d25d8                m_GetRelativeTime_Counter
                0xf03d25dc                m_SecondToTicks
                0xf03d25e0                m_MillisecondToTicks
                0xf03d25e4                m_CalendarTime2LocalTime
                0xf03d25e8                m_osChangeTaskPriority
                0xf03d25ec                m_create_api_hash
 .bss           0xf03d25f0       0x10 E:\Do_an\MC60_document\MC60_OpenCPU_GS3_SDK_V1.4_Eclipse\MC60_OpenCPU_GS3_SDK_V1.4_Eclipse\libs\gcc\libapp_start.a(ql_main.o)
                0xf03d25f4                runinfo
 .bss           0xf03d2600        0x1 E:\Do_an\MC60_document\MC60_OpenCPU_GS3_SDK_V1.4_Eclipse\MC60_OpenCPU_GS3_SDK_V1.4_Eclipse\libs\gcc\libapp_start.a(ril_aux.o)
                0xf03d2600                g_ril_auxTaskReady
 *fill*         0xf03d2601        0x3 
 .bss           0xf03d2604      0xc34 E:\Do_an\MC60_document\MC60_OpenCPU_GS3_SDK_V1.4_Eclipse\MC60_OpenCPU_GS3_SDK_V1.4_Eclipse\libs\gcc\libapp_start.a(ril_main.o)
 .bss           0xf03d3238       0x40 E:\Do_an\MC60_document\MC60_OpenCPU_GS3_SDK_V1.4_Eclipse\MC60_OpenCPU_GS3_SDK_V1.4_Eclipse\libs\gcc\libapp_start.a(stdlib_func.o)
 .bss           0xf03d3278       0x14 E:\Do_an\MC60_document\MC60_OpenCPU_GS3_SDK_V1.4_Eclipse\MC60_OpenCPU_GS3_SDK_V1.4_Eclipse\libs\gcc\libapp_start.a(system.o)
 .bss           0xf03d328c       0x40 E:\Do_an\MC60_document\MC60_OpenCPU_GS3_SDK_V1.4_Eclipse\MC60_OpenCPU_GS3_SDK_V1.4_Eclipse\libs\gcc\libapp_start.a(taskMngt.o)
 .bss           0xf03d32cc       0x10 E:\Do_an\MC60_document\MC60_OpenCPU_GS3_SDK_V1.4_Eclipse\MC60_OpenCPU_GS3_SDK_V1.4_Eclipse\libs\gcc\libapp_start.a(time.o)
 .bss           0xf03d32dc       0x10 E:\Do_an\MC60_document\MC60_OpenCPU_GS3_SDK_V1.4_Eclipse\MC60_OpenCPU_GS3_SDK_V1.4_Eclipse\libs\gcc\libapp_start.a(timer.o)
 .bss           0xf03d32ec       0x3c E:\Do_an\MC60_document\MC60_OpenCPU_GS3_SDK_V1.4_Eclipse\MC60_OpenCPU_GS3_SDK_V1.4_Eclipse\libs\gcc\libapp_start.a(uart.o)
                0xf03d3328                . = ALIGN (0x8)
                0xf03d3328                PROVIDE (__bss_end__, .)
 COMMON         0xf03d3328      0x124 ./ril/src/ril_telephony.o
                0xf03d3328                g_comingCall
 COMMON         0xf03d344c       0x14 E:\Do_an\MC60_document\MC60_OpenCPU_GS3_SDK_V1.4_Eclipse\MC60_OpenCPU_GS3_SDK_V1.4_Eclipse\libs\gcc\libapp_start.a(ql_main.o)
                0xf03d344c                Ql_snprintf
                0xf03d3450                Ql_sprintf
                0xf03d3454                Ql_Debug_Trace
                0xf03d3458                Ql_vsprintf
                0xf03d345c                Ql_sscanf
OUTPUT(APPGS3MDM32A01.elf elf32-littlearm)

.comment        0x00000000       0x30
 .comment       0x00000000       0x30 ./ril/src/Ril_dtmf.o
                                 0x31 (size before relaxing)
 .comment       0x00000000       0x31 ./ril/src/ril_atResponse.o
 .comment       0x00000000       0x31 ./ril/src/ril_audio.o
 .comment       0x00000000       0x31 ./ril/src/ril_ble.o
 .comment       0x00000000       0x31 ./ril/src/ril_bluetooth.o
 .comment       0x00000000       0x31 ./ril/src/ril_custom.o
 .comment       0x00000000       0x31 ./ril/src/ril_gps.o
 .comment       0x00000000       0x31 ./ril/src/ril_http.o
 .comment       0x00000000       0x31 ./ril/src/ril_init.o
 .comment       0x00000000       0x31 ./ril/src/ril_location.o
 .comment       0x00000000       0x31 ./ril/src/ril_network.o
 .comment       0x00000000       0x31 ./ril/src/ril_ntp.o
 .comment       0x00000000       0x31 ./ril/src/ril_sim.o
 .comment       0x00000000       0x31 ./ril/src/ril_telephony.o
 .comment       0x00000000       0x31 ./ril/src/ril_urc.o
 .comment       0x00000000       0x31 ./ril/src/ril_util.o
 .comment       0x00000000       0x31 ./example/main_tracking.o
 .comment       0x00000000       0x31 ./custom/config/custom_sys_cfg.o
 .comment       0x00000000       0x31 ./custom/config/sys_config.o
 .comment       0x00000000       0x31 E:\Do_an\MC60_document\MC60_OpenCPU_GS3_SDK_V1.4_Eclipse\MC60_OpenCPU_GS3_SDK_V1.4_Eclipse\libs\gcc\libapp_start.a(gprs.o)
 .comment       0x00000000       0x31 E:\Do_an\MC60_document\MC60_OpenCPU_GS3_SDK_V1.4_Eclipse\MC60_OpenCPU_GS3_SDK_V1.4_Eclipse\libs\gcc\libapp_start.a(memory.o)
 .comment       0x00000000       0x31 E:\Do_an\MC60_document\MC60_OpenCPU_GS3_SDK_V1.4_Eclipse\MC60_OpenCPU_GS3_SDK_V1.4_Eclipse\libs\gcc\libapp_start.a(ql_func.o)
 .comment       0x00000000       0x31 E:\Do_an\MC60_document\MC60_OpenCPU_GS3_SDK_V1.4_Eclipse\MC60_OpenCPU_GS3_SDK_V1.4_Eclipse\libs\gcc\libapp_start.a(ql_main.o)
 .comment       0x00000000       0x31 E:\Do_an\MC60_document\MC60_OpenCPU_GS3_SDK_V1.4_Eclipse\MC60_OpenCPU_GS3_SDK_V1.4_Eclipse\libs\gcc\libapp_start.a(ril_aux.o)
 .comment       0x00000000       0x31 E:\Do_an\MC60_document\MC60_OpenCPU_GS3_SDK_V1.4_Eclipse\MC60_OpenCPU_GS3_SDK_V1.4_Eclipse\libs\gcc\libapp_start.a(ril_main.o)
 .comment       0x00000000       0x31 E:\Do_an\MC60_document\MC60_OpenCPU_GS3_SDK_V1.4_Eclipse\MC60_OpenCPU_GS3_SDK_V1.4_Eclipse\libs\gcc\libapp_start.a(stdlib_func.o)
 .comment       0x00000000       0x31 E:\Do_an\MC60_document\MC60_OpenCPU_GS3_SDK_V1.4_Eclipse\MC60_OpenCPU_GS3_SDK_V1.4_Eclipse\libs\gcc\libapp_start.a(system.o)
 .comment       0x00000000       0x31 E:\Do_an\MC60_document\MC60_OpenCPU_GS3_SDK_V1.4_Eclipse\MC60_OpenCPU_GS3_SDK_V1.4_Eclipse\libs\gcc\libapp_start.a(taskMngt.o)
 .comment       0x00000000       0x31 E:\Do_an\MC60_document\MC60_OpenCPU_GS3_SDK_V1.4_Eclipse\MC60_OpenCPU_GS3_SDK_V1.4_Eclipse\libs\gcc\libapp_start.a(time.o)
 .comment       0x00000000       0x31 E:\Do_an\MC60_document\MC60_OpenCPU_GS3_SDK_V1.4_Eclipse\MC60_OpenCPU_GS3_SDK_V1.4_Eclipse\libs\gcc\libapp_start.a(timer.o)
 .comment       0x00000000       0x31 E:\Do_an\MC60_document\MC60_OpenCPU_GS3_SDK_V1.4_Eclipse\MC60_OpenCPU_GS3_SDK_V1.4_Eclipse\libs\gcc\libapp_start.a(uart.o)

.ARM.attributes
                0x00000000       0x2b
 .ARM.attributes
                0x00000000       0x2b ./ril/src/Ril_dtmf.o
 .ARM.attributes
                0x0000002b       0x2b ./ril/src/ril_atResponse.o
 .ARM.attributes
                0x00000056       0x2b ./ril/src/ril_audio.o
 .ARM.attributes
                0x00000081       0x2b ./ril/src/ril_ble.o
 .ARM.attributes
                0x000000ac       0x2b ./ril/src/ril_bluetooth.o
 .ARM.attributes
                0x000000d7       0x2b ./ril/src/ril_custom.o
 .ARM.attributes
                0x00000102       0x2b ./ril/src/ril_gps.o
 .ARM.attributes
                0x0000012d       0x2b ./ril/src/ril_http.o
 .ARM.attributes
                0x00000158       0x2b ./ril/src/ril_init.o
 .ARM.attributes
                0x00000183       0x2b ./ril/src/ril_location.o
 .ARM.attributes
                0x000001ae       0x2b ./ril/src/ril_network.o
 .ARM.attributes
                0x000001d9       0x2b ./ril/src/ril_ntp.o
 .ARM.attributes
                0x00000204       0x2b ./ril/src/ril_sim.o
 .ARM.attributes
                0x0000022f       0x2b ./ril/src/ril_telephony.o
 .ARM.attributes
                0x0000025a       0x2b ./ril/src/ril_urc.o
 .ARM.attributes
                0x00000285       0x2b ./ril/src/ril_util.o
 .ARM.attributes
                0x000002b0       0x2b ./example/main_tracking.o
 .ARM.attributes
                0x000002db       0x2b ./custom/config/custom_sys_cfg.o
 .ARM.attributes
                0x00000306       0x2b ./custom/config/sys_config.o
 .ARM.attributes
                0x00000331       0x2b E:\Do_an\MC60_document\MC60_OpenCPU_GS3_SDK_V1.4_Eclipse\MC60_OpenCPU_GS3_SDK_V1.4_Eclipse\libs\gcc\libapp_start.a(gprs.o)
 .ARM.attributes
                0x0000035c       0x2b E:\Do_an\MC60_document\MC60_OpenCPU_GS3_SDK_V1.4_Eclipse\MC60_OpenCPU_GS3_SDK_V1.4_Eclipse\libs\gcc\libapp_start.a(memory.o)
 .ARM.attributes
                0x00000387       0x2b E:\Do_an\MC60_document\MC60_OpenCPU_GS3_SDK_V1.4_Eclipse\MC60_OpenCPU_GS3_SDK_V1.4_Eclipse\libs\gcc\libapp_start.a(ql_func.o)
 .ARM.attributes
                0x000003b2       0x2b E:\Do_an\MC60_document\MC60_OpenCPU_GS3_SDK_V1.4_Eclipse\MC60_OpenCPU_GS3_SDK_V1.4_Eclipse\libs\gcc\libapp_start.a(ql_main.o)
 .ARM.attributes
                0x000003dd       0x2b E:\Do_an\MC60_document\MC60_OpenCPU_GS3_SDK_V1.4_Eclipse\MC60_OpenCPU_GS3_SDK_V1.4_Eclipse\libs\gcc\libapp_start.a(ril_aux.o)
 .ARM.attributes
                0x00000408       0x2b E:\Do_an\MC60_document\MC60_OpenCPU_GS3_SDK_V1.4_Eclipse\MC60_OpenCPU_GS3_SDK_V1.4_Eclipse\libs\gcc\libapp_start.a(ril_main.o)
 .ARM.attributes
                0x00000433       0x2b E:\Do_an\MC60_document\MC60_OpenCPU_GS3_SDK_V1.4_Eclipse\MC60_OpenCPU_GS3_SDK_V1.4_Eclipse\libs\gcc\libapp_start.a(stdlib_func.o)
 .ARM.attributes
                0x0000045e       0x2b E:\Do_an\MC60_document\MC60_OpenCPU_GS3_SDK_V1.4_Eclipse\MC60_OpenCPU_GS3_SDK_V1.4_Eclipse\libs\gcc\libapp_start.a(system.o)
 .ARM.attributes
                0x00000489       0x2b E:\Do_an\MC60_document\MC60_OpenCPU_GS3_SDK_V1.4_Eclipse\MC60_OpenCPU_GS3_SDK_V1.4_Eclipse\libs\gcc\libapp_start.a(taskMngt.o)
 .ARM.attributes
                0x000004b4       0x2b E:\Do_an\MC60_document\MC60_OpenCPU_GS3_SDK_V1.4_Eclipse\MC60_OpenCPU_GS3_SDK_V1.4_Eclipse\libs\gcc\libapp_start.a(time.o)
 .ARM.attributes
                0x000004df       0x2b E:\Do_an\MC60_document\MC60_OpenCPU_GS3_SDK_V1.4_Eclipse\MC60_OpenCPU_GS3_SDK_V1.4_Eclipse\libs\gcc\libapp_start.a(timer.o)
 .ARM.attributes
                0x0000050a       0x2b E:\Do_an\MC60_document\MC60_OpenCPU_GS3_SDK_V1.4_Eclipse\MC60_OpenCPU_GS3_SDK_V1.4_Eclipse\libs\gcc\libapp_start.a(uart.o)
 .ARM.attributes
                0x00000535       0x1d E:\Do_an\MC60_document\MC60_OpenCPU_GS3_SDK_V1.4_Eclipse\MC60_OpenCPU_GS3_SDK_V1.4_Eclipse\libs\gcc\libapp_start.a(ocpu_init.o)
 .ARM.attributes
                0x00000552       0x30 C:\Program Files (x86)\CodeSourcery\Sourcery_CodeBench_Lite_for_ARM_EABI\arm-none-eabi\lib\thumb\libc.a(lib_a-memcpy.o)
 .ARM.attributes
                0x00000582       0x30 C:\Program Files (x86)\CodeSourcery\Sourcery_CodeBench_Lite_for_ARM_EABI\arm-none-eabi\lib\thumb\libc.a(lib_a-memset.o)
 .ARM.attributes
                0x000005b2       0x18 C:\Program Files (x86)\CodeSourcery\Sourcery_CodeBench_Lite_for_ARM_EABI\lib\gcc\arm-none-eabi\4.7.2\thumb\libgcc.a(_arm_addsubdf3.o)
 .ARM.attributes
                0x000005ca       0x18 C:\Program Files (x86)\CodeSourcery\Sourcery_CodeBench_Lite_for_ARM_EABI\lib\gcc\arm-none-eabi\4.7.2\thumb\libgcc.a(_arm_muldivdf3.o)
 .ARM.attributes
                0x000005e2       0x18 C:\Program Files (x86)\CodeSourcery\Sourcery_CodeBench_Lite_for_ARM_EABI\lib\gcc\arm-none-eabi\4.7.2\thumb\libgcc.a(_arm_cmpdf2.o)
 .ARM.attributes
                0x000005fa       0x18 C:\Program Files (x86)\CodeSourcery\Sourcery_CodeBench_Lite_for_ARM_EABI\lib\gcc\arm-none-eabi\4.7.2\thumb\libgcc.a(_arm_fixdfsi.o)
 .ARM.attributes
                0x00000612       0x18 C:\Program Files (x86)\CodeSourcery\Sourcery_CodeBench_Lite_for_ARM_EABI\lib\gcc\arm-none-eabi\4.7.2\thumb\libgcc.a(_arm_fixunsdfsi.o)
 .ARM.attributes
                0x0000062a       0x18 C:\Program Files (x86)\CodeSourcery\Sourcery_CodeBench_Lite_for_ARM_EABI\lib\gcc\arm-none-eabi\4.7.2\thumb\libgcc.a(_arm_truncdfsf2.o)

.debug_frame    0x00000000       0x64
 .debug_frame   0x00000000       0x38 C:\Program Files (x86)\CodeSourcery\Sourcery_CodeBench_Lite_for_ARM_EABI\arm-none-eabi\lib\thumb\libc.a(lib_a-memcpy.o)
 .debug_frame   0x00000038       0x2c C:\Program Files (x86)\CodeSourcery\Sourcery_CodeBench_Lite_for_ARM_EABI\arm-none-eabi\lib\thumb\libc.a(lib_a-memset.o)
